@main {
  lvn.0: int = const 100;
  lvn.1: int = add lvn.0 lvn.0;
  lvn.2: int = add lvn.1 lvn.1;
  a: int = const 42;
  print a;
}
