{
  "functions": [
    {
      "instrs": [
        {
          "dest": "one",
          "op": "const",
          "type": "int",
          "value": 1
        },
        {
          "args": [
            "one"
          ],
          "dest": "p",
          "op": "alloc",
          "type": {
            "ptr": "int"
          }
        },
        {
          "args": [
            "p"
          ],
          "op": "free"
        },
        {
          "args": [
            "p"
          ],
          "op": "free"
        }
      ],
      "name": "main"
    }
  ]
}
