{
  "functions": [
    {
      "instrs": [
        {
          "dest": "v",
          "op": "const",
          "type": "int",
          "value": 1
        },
        {
          "args": [
            "v"
          ],
          "op": "print"
        }
      ],
      "name": "main"
    },
    {
      "instrs": [
        {
          "dest": "v",
          "op": "const",
          "type": "int",
          "value": 2
        },
        {
          "args": [
            "v"
          ],
          "op": "print"
        }
      ],
      "name": "main"
    }
  ]
}
