{
  "functions": [
    {
      "instrs": [
        {
          "dest": "one",
          "op": "const",
          "type": "int",
          "value": 1
        },
        {
          "dest": "two",
          "op": "const",
          "type": "int",
          "value": 2
        },
        {
          "args": [
            "two"
          ],
          "dest": "p",
          "op": "alloc",
          "type": {
            "ptr": "int"
          }
        },
        {
          "args": [
            "p",
            "one"
          ],
          "dest": "p1",
          "op": "ptradd",
          "type": {
            "ptr": "int"
          }
        },
        {
          "args": [
            "p1"
          ],
          "op": "free"
        }
      ],
      "name": "main"
    }
  ]
}
