{
  "functions": [
    {
      "instrs": [
        {
          "funcs": [
            "notafun"
          ],
          "op": "call"
        }
      ],
      "name": "main"
    }
  ]
}
