digraph G {
  "entry" -> "loop";
  "loop" -> "body";
  "loop" -> "exit";
  "body" -> "endif";
  "body" -> "then";
}
